C51 COMPILER V8.12   GDS1232                                                               08/07/2017 16:07:19 PAGE 1   


C51 COMPILER V8.12, COMPILATION OF MODULE GDS1232
OBJECT MODULE PLACED IN .\GDs1232.obj
COMPILER INVOKED BY: C:\Keil\C51\BIN\C51.EXE ..\src\manager\GDs1232.c BROWSE DEBUG OBJECTEXTEND PRINT(.\GDs1232.lst) OBJ
                    -ECT(.\GDs1232.obj)

line level    source

   1          //===============================================
   2          #include "GDs1232.h"
   3          #include "GConfig.h"
   4          //===============================================
   5          static bit Wdog_State;
   6          //===============================================
   7          void GWdog_Init() {
   8   1              Wdog_State = WDOG_OFF;
   9   1              WDOG_PIN = WDOG_OFF;
  10   1      }
  11          //===============================================
  12          void GWdog_Feed() {
  13   1              if(Wdog_State == WDOG_OFF) {
  14   2                      Wdog_State = WDOG_ON;
  15   2                      WDOG_PIN = WDOG_ON;
  16   2      
  17   2              }
  18   1              else if(Wdog_State == WDOG_ON) {
  19   2                      Wdog_State = WDOG_OFF;
  20   2                      WDOG_PIN = WDOG_OFF;
  21   2              }
  22   1      }
  23          //===============================================


MODULE INFORMATION:   STATIC OVERLAYABLE
   CODE SIZE        =     21    ----
   CONSTANT SIZE    =   ----    ----
   XDATA SIZE       =   ----    ----
   PDATA SIZE       =   ----    ----
   DATA SIZE        =   ----    ----
   IDATA SIZE       =   ----    ----
   BIT SIZE         =      1    ----
END OF MODULE INFORMATION.


C51 COMPILATION COMPLETE.  0 WARNING(S),  0 ERROR(S)
