C51 COMPILER V8.12   GLED                                                                  08/07/2017 23:42:13 PAGE 1   


C51 COMPILER V8.12, COMPILATION OF MODULE GLED
OBJECT MODULE PLACED IN .\GLed.obj
COMPILER INVOKED BY: C:\Keil\C51\BIN\C51.EXE ..\src\manager\GLed.c BROWSE DEBUG OBJECTEXTEND PRINT(.\GLed.lst) OBJECT(.\
                    -GLed.obj)

line level    source

   1          //===============================================
   2          #include "GLed.h"
   3          #include "GConfig.h"
   4          //===============================================
   5          static bit Flash_State;
   6          static int Flash_Time;
   7          //===============================================
   8          void GLed_Init() {
   9   1              Flash_State = LED_OFF;
  10   1              LED7 = LED_OFF;
  11   1              Flash_Time = 0;
  12   1      }
  13          //===============================================
  14          void GLed_Flash() {
  15   1              if(++Flash_Time <= 1000) return;
  16   1              Flash_Time = 0;
  17   1              if(Flash_State == LED_OFF) {
  18   2                      Flash_State = LED_ON;
  19   2                      LED7 = LED_ON;
  20   2      
  21   2              }
  22   1              else if(Flash_State == LED_ON) {
  23   2                      Flash_State = LED_OFF;
  24   2                      LED7 = LED_OFF;
  25   2              }
  26   1      }
  27          //===============================================


MODULE INFORMATION:   STATIC OVERLAYABLE
   CODE SIZE        =     50    ----
   CONSTANT SIZE    =   ----    ----
   XDATA SIZE       =   ----    ----
   PDATA SIZE       =   ----    ----
   DATA SIZE        =      2    ----
   IDATA SIZE       =   ----    ----
   BIT SIZE         =      1    ----
END OF MODULE INFORMATION.


C51 COMPILATION COMPLETE.  0 WARNING(S),  0 ERROR(S)
