C51 COMPILER V8.12   GLED                                                                  08/09/2017 18:50:09 PAGE 1   


C51 COMPILER V8.12, COMPILATION OF MODULE GLED
OBJECT MODULE PLACED IN .\GLed.obj
COMPILER INVOKED BY: C:\Keil\C51\BIN\C51.EXE ..\src\manager\GLed.c BROWSE DEBUG OBJECTEXTEND PRINT(.\GLed.lst) OBJECT(.\
                    -GLed.obj)

line level    source

   1          //===============================================
   2          #include "GLed.h"
   3          #include "GPortDef.h"
   4          //===============================================
   5          static bit Flash_State;
   6          //===============================================
   7          void GLed_Init() {
   8   1              Flash_State = LED_OFF;
   9   1              LED7 = LED_OFF;
  10   1      }
  11          //===============================================
  12          void GLed_Flash() {
  13   1              if(Flash_State == LED_OFF) {
  14   2                      Flash_State = LED_ON;
  15   2                      LED7 = LED_ON;
  16   2      
  17   2              }
  18   1              else if(Flash_State == LED_ON) {
  19   2                      Flash_State = LED_OFF;
  20   2                      LED7 = LED_OFF;
  21   2              }
  22   1      }
  23          //===============================================


MODULE INFORMATION:   STATIC OVERLAYABLE
   CODE SIZE        =     21    ----
   CONSTANT SIZE    =   ----    ----
   XDATA SIZE       =   ----    ----
   PDATA SIZE       =   ----    ----
   DATA SIZE        =   ----    ----
   IDATA SIZE       =   ----    ----
   BIT SIZE         =      1    ----
END OF MODULE INFORMATION.


C51 COMPILATION COMPLETE.  0 WARNING(S),  0 ERROR(S)
