C51 COMPILER V8.12   GWATCHDOG                                                             08/07/2017 19:07:10 PAGE 1   


C51 COMPILER V8.12, COMPILATION OF MODULE GWATCHDOG
OBJECT MODULE PLACED IN .\GWatchdog.obj
COMPILER INVOKED BY: C:\Keil\C51\BIN\C51.EXE ..\src\manager\GWatchdog.c BROWSE DEBUG OBJECTEXTEND PRINT(.\GWatchdog.lst)
                    - OBJECT(.\GWatchdog.obj)

line level    source

   1          //===============================================
   2          #include "GWatchdog.h"
   3          #include "GConfig.h"
   4          //===============================================
   5          void GWdog_Init() {
   6   1              // WDTCON = PS2 ; PS1 ; PS0 ; WDIDLE ; DISRTO ; HWDT ; WDTRST ; WDTEN
   7   1              // PS2 = 1 ; PS1 = 0; PS0 = 0 -> (2^5) * 16 ms = 512 ms for Watchdog Timer
   8   1              // WDIDLE = 0 -> Enable in Idle mode
   9   1              // DISRTO = 0 -> Watchdog controls reset pin
  10   1              // HWDT = 0 -> Watchdog is software mode
  11   1              // WSWRST = 1 -> Resets the Watchdog Timer
  12   1              // WDTEN = 1 -> Watchdog enabled
  13   1              // WDTCON = 10100011 = A3
  14   1              WMCON |= 0xA3;
  15   1      }
  16          //===============================================
  17          void GWdog_Feed() {
  18   1              // WDTCON = PS2 ; PS1 ; PS0 ; WDIDLE ; DISRTO ; HWDT ; WDTRST ; WDTEN
  19   1              // WSWRST = 1 -> Resets the Watchdog Timer
  20   1              // WDTCON = 00000010 = 02
  21   1              WMCON |= 0x02;
  22   1      }
  23          //===============================================


MODULE INFORMATION:   STATIC OVERLAYABLE
   CODE SIZE        =      8    ----
   CONSTANT SIZE    =   ----    ----
   XDATA SIZE       =   ----    ----
   PDATA SIZE       =   ----    ----
   DATA SIZE        =   ----    ----
   IDATA SIZE       =   ----    ----
   BIT SIZE         =   ----    ----
END OF MODULE INFORMATION.


C51 COMPILATION COMPLETE.  0 WARNING(S),  0 ERROR(S)
