C51 COMPILER V8.12   MAIN                                                                  08/09/2017 17:25:32 PAGE 1   


C51 COMPILER V8.12, COMPILATION OF MODULE MAIN
OBJECT MODULE PLACED IN .\main.obj
COMPILER INVOKED BY: C:\Keil\C51\BIN\C51.EXE ..\src\main.c BROWSE DEBUG OBJECTEXTEND PRINT(.\main.lst) OBJECT(.\main.obj
                    -)

line level    source

   1          //===============================================
   2          #include "manager/GSch.h"
   3          #include "manager/GLed.h"
   4          //===============================================
   5          void main() {
   6   1              GSch_Init();
   7   1              GLed_Init();
   8   1              GSch_Add_Task(GLed_Flash, 0, 1000);
   9   1              GSch_Start();
  10   1              while(1) {
  11   2                      GSch_Dispatch_Tasks();
  12   2              }
  13   1      }
  14          //===============================================


MODULE INFORMATION:   STATIC OVERLAYABLE
   CODE SIZE        =     32    ----
   CONSTANT SIZE    =   ----    ----
   XDATA SIZE       =   ----    ----
   PDATA SIZE       =   ----    ----
   DATA SIZE        =   ----    ----
   IDATA SIZE       =   ----    ----
   BIT SIZE         =   ----    ----
END OF MODULE INFORMATION.


C51 COMPILATION COMPLETE.  0 WARNING(S),  0 ERROR(S)
