C51 COMPILER V8.12   MAIN                                                                  08/07/2017 19:07:08 PAGE 1   


C51 COMPILER V8.12, COMPILATION OF MODULE MAIN
OBJECT MODULE PLACED IN .\main.obj
COMPILER INVOKED BY: C:\Keil\C51\BIN\C51.EXE ..\src\main.c BROWSE DEBUG OBJECTEXTEND PRINT(.\main.lst) OBJECT(.\main.obj
                    -)

line level    source

   1          //===============================================
   2          #include "manager/GDelay.h"
   3          #include "manager/GWatchdog.h"
   4          //===============================================
   5          void main() {
   6   1              GWdog_Init();
   7   1              while(1) {
   8   2                      GDelay_T0(1000);
   9   2                      GWdog_Feed();
  10   2          }
  11   1      }
  12          //===============================================


MODULE INFORMATION:   STATIC OVERLAYABLE
   CODE SIZE        =     15    ----
   CONSTANT SIZE    =   ----    ----
   XDATA SIZE       =   ----    ----
   PDATA SIZE       =   ----    ----
   DATA SIZE        =   ----    ----
   IDATA SIZE       =   ----    ----
   BIT SIZE         =   ----    ----
END OF MODULE INFORMATION.


C51 COMPILATION COMPLETE.  0 WARNING(S),  0 ERROR(S)
